---
source: crates/spur-graph/src/store/canonical_hash.rs
expression: "std::str::from_utf8(&bytes).expect(\"canonical JSON is UTF-8\")"
snapshot_kind: text
---
{"files":[{"stable_file_id":"file:src/lib.rs","file_path":"src/lib.rs"}],"symbols":[{"stable_symbol_id":"sym:src/lib.rs:demo","file_path":"src/lib.rs","byte_range":[10,42],"line_range":[2,5],"entity_name":"demo","qualified_name":"crate::demo","symbol_kind":"function","anchor_hash":"anchor-hash","enclosing_scope":"crate"}],"edges":[{"source_stable_symbol_id":"sym:src/lib.rs:demo","target_stable_symbol_id":"sym:src/lib.rs:helper","target_label":"helper","relation":"calls","confidence":"syntax_exact","confidence_score":0.875,"edge_kind":"calls"}],"file_manifests":[{"stable_file_id":"file:src/lib.rs","path":"src/lib.rs","content_oid":"blob-oid","node_ids":[1,2]}],"graph_content_hash":"graph-content-hash","manifest_version":"manifest-v1","tombstones":[{"path":"src/old.rs","stable_file_id":"file:src/old.rs"}]}
