## rsig start 16:51:59 — report_signal_tool ALONE
[spur-cargo] remote (test) → aws VM
[build] Worktree: spur/worktrees/s3-verify  (local=/Volumes/Projects/spur/.spur/worktrees/s3-verify)
[build] Remote:   ~/spur/worktrees/s3-verify   target=/mnt/cargo/targets/spur/worktrees/s3-verify   -j16
[build] Remote build queue: admitted as ticket 5 (slot 2/3).
[build] SSH transport: SSH-over-SSM (instance i-0b9b64ba8a34d0ea2)
[build] Enumerating git-tracked files...
[build]   2658 files
[build] Syncing to i-0b9b64ba8a34d0ea2:~/spur/worktrees/s3-verify ...
[build] Reconciling remote workspace (pruning locally-deleted files)...
[prune] no files removed locally since last sync
[build] Configuring remote git auth for private getspur/spur deps...
[build] Running: cargo --config build.rustflags=\[\"-Ctarget-cpu=neoverse-v1\"\,\"-Ctarget-feature=+lse\"\,\"-Clinker=clang\"\,\"-Clink-arg=-fuse-ld=/mnt/cargo/rust-lld-driver/ld.lld\"\] test -p spur-core --test report_signal_tool -- --nocapture  -j16  provider-rustflags=-Ctarget-cpu=neoverse-v1 -Ctarget-feature=+lse -Clinker=clang -Clink-arg=-fuse-ld=/mnt/cargo/rust-lld-driver/ld.lld
warning: static `LOOPBACK_BINDABLE` is never used
  --> crates/spur-core/tests/common/mod.rs:27:8
   |
27 | static LOOPBACK_BINDABLE: OnceCell<bool> = OnceCell::const_new();
   |        ^^^^^^^^^^^^^^^^^
   |
   = note: `#[warn(dead_code)]` (part of `#[warn(unused)]`) on by default

warning: struct `TestWorkerSignalSink` is never constructed
  --> crates/spur-core/tests/common/mod.rs:29:12
   |
29 | pub struct TestWorkerSignalSink {
   |            ^^^^^^^^^^^^^^^^^^^^

warning: associated function `new` is never used
  --> crates/spur-core/tests/common/mod.rs:34:12
   |
33 | impl TestWorkerSignalSink {
   | ------------------------- associated function in this implementation
34 |     pub fn new(funnel: Arc<dyn McpEventSink>) -> Self {
   |            ^^^

warning: function `loopback_bindable` is never used
  --> crates/spur-core/tests/common/mod.rs:75:14
   |
75 | pub async fn loopback_bindable() -> bool {
   |              ^^^^^^^^^^^^^^^^^

warning: function `community_feature_gate` is never used
   --> crates/spur-core/tests/common/mod.rs:117:8
    |
117 | pub fn community_feature_gate() -> Arc<FeatureGate> {
    |        ^^^^^^^^^^^^^^^^^^^^^^

warning: function `install_core_brain_registry` is never used
   --> crates/spur-core/tests/common/mod.rs:121:8
    |
121 | pub fn install_core_brain_registry(server: &mut McpCallbackServer) {
    |        ^^^^^^^^^^^^^^^^^^^^^^^^^^^

warning: function `init_beads_pm` is never used
  --> crates/spur-core/tests/common/beads.rs:21:14
   |
21 | pub async fn init_beads_pm(repo: &Path) -> (TestBeadsWorkspace, Arc<spur_pm::PmService>) {
   |              ^^^^^^^^^^^^^

warning: `spur-core` (test "report_signal_tool") generated 7 warnings
    Finished `test` profile [unoptimized + debuginfo] target(s) in 0.60s
     Running tests/report_signal_tool.rs (target/debug/deps/report_signal_tool-ab69049a55a432c4)

running 3 tests
test report_signal_on_terminal_task_records_late_arrival ... ok
test report_signal_on_open_task_records_all_artifacts ... ok
test report_signal_threads_worker_call_context ... ok

test result: ok. 3 passed; 0 failed; 0 ignored; 0 measured; 0 filtered out; finished in 0.12s


--- sccache stats (spur/worktrees/s3-verify) ---
Compile requests                     820
Compile requests executed            750
Cache hits                           555
Cache hits (Assembler)                98
Cache hits (C/C++)                   266
Cache hits (Rust)                    191
Cache misses                         195
Cache misses (Rust)                  195
Cache hits rate                    74.00 %
Cache hits rate (Assembler)       100.00 %
Cache hits rate (C/C++)           100.00 %
Cache hits rate (Rust)             49.48 %
Cache timeouts                         0
Cache read errors                      0
Forced recaches                        0
Cache write errors                     0
Cache errors                           0
Compilations                         195
Compilation failures                   0
Non-cacheable compilations             0
[build] Done. target lives at i-0b9b64ba8a34d0ea2:/mnt/cargo/targets/spur/worktrees/s3-verify — use scripts/cloud-build/fetch.sh to pull artifacts.
[build] Remote build queue: released ticket 00000000000000000005.
## RSIG DONE rc=0 16:52:28 (124=our-timeout=>hang-alone)
