## repro start 13:53:51 — single test, alone, 1 thread
[spur-cargo] remote (test) → aws VM
[build] Worktree: spur/worktrees/s3-verify  (local=/Volumes/Projects/spur/.spur/worktrees/s3-verify)
[build] Remote:   ~/spur/worktrees/s3-verify   target=/mnt/cargo/targets/spur/worktrees/s3-verify   -j16
[build] Remote build queue: admitted as ticket 171 (slot 3/3).
[build] SSH transport: SSH-over-SSM (instance i-0406d803bae198035)
[build] Enumerating git-tracked files...
[build]   2658 files
[build] Syncing to i-0406d803bae198035:~/spur/worktrees/s3-verify ...
[build] Reconciling remote workspace (pruning locally-deleted files)...
[prune] no files removed locally since last sync
[build] Configuring remote git auth for private getspur/spur deps...
[build] Running: cargo --config build.rustflags=\[\"-Ctarget-cpu=neoverse-v1\"\,\"-Ctarget-feature=+lse\"\,\"-Clinker=clang\"\,\"-Clink-arg=-fuse-ld=/mnt/cargo/rust-lld-driver/ld.lld\"\] test -p spur-core --test pending_sweep -- --exact startup_sweep_quarantines_all_plan_children_with_comments --nocapture --test-threads=1  -j16  provider-rustflags=-Ctarget-cpu=neoverse-v1 -Ctarget-feature=+lse -Clinker=clang -Clink-arg=-fuse-ld=/mnt/cargo/rust-lld-driver/ld.lld
[build] No source content delta; capturing cargo output on VM (set SPUR_CAPTURE_FRESH_CARGO_OUTPUT=0 to stream).
176 | pub async fn comment_texts(pm: &PmService, issue_id: &str) -> Vec<String> {
    |              ^^^^^^^^^^^^^

warning: function `issue_labels` is never used
   --> crates/spur-core/tests/common/mod.rs:187:14
    |
187 | pub async fn issue_labels(pm: &PmService, issue_id: &str) -> Vec<String> {
    |              ^^^^^^^^^^^^

warning: function `scope_drift_signal` is never used
   --> crates/spur-core/tests/common/mod.rs:191:8
    |
191 | pub fn scope_drift_signal(signal_id: Uuid) -> WorkerSignal {
    |        ^^^^^^^^^^^^^^^^^^

warning: function `init_beads_pm` is never used
  --> crates/spur-core/tests/common/beads.rs:21:14
   |
21 | pub async fn init_beads_pm(repo: &Path) -> (TestBeadsWorkspace, Arc<spur_pm::PmService>) {
   |              ^^^^^^^^^^^^^

warning: `spur-core` (test "pending_sweep") generated 13 warnings
    Finished `test` profile [unoptimized + debuginfo] target(s) in 0.58s
     Running tests/pending_sweep.rs (target/debug/deps/pending_sweep-7825528fc6d1e1a3)

running 1 test
test startup_sweep_quarantines_all_plan_children_with_comments ... ok

test result: ok. 1 passed; 0 failed; 0 ignored; 0 measured; 3 filtered out; finished in 0.07s


--- sccache stats (spur/worktrees/s3-verify) ---
Compile requests                   4120
Compile requests executed          3317
Cache hits                         2836
Cache hits (Assembler)              139
Cache hits (C/C++)                 1109
Cache hits (Rust)                  1588
Cache misses                        469
Cache misses (Assembler)              5
Cache misses (C/C++)                 55
Cache misses (Rust)                 409
Cache hits rate                   85.81 %
Cache hits rate (Assembler)       96.53 %
Cache hits rate (C/C++)           95.27 %
Cache hits rate (Rust)            79.52 %
Cache timeouts                        0
Cache read errors                     0
Forced recaches                       0
Cache write errors                    0
Cache errors                          0
Compilations                        469
[build] Done. target lives at i-0406d803bae198035:/mnt/cargo/targets/spur/worktrees/s3-verify — use scripts/cloud-build/fetch.sh to pull artifacts.
[build] Remote build queue: released ticket 00000000000000000171.
## REPRO DONE rc=0 13:54:18 (124=our-timeout=>hang-in-isolation)
